// Jest Snapshot v1, https://goo.gl/fbAQLP

exports[`ContentContainer renders correctly 1`] = `
<div
  className="css-1gjvup9-ContentContainer"
>
  test
</div>
`;
