// Jest Snapshot v1, https://goo.gl/fbAQLP

exports[`Header renders correctly 1`] = `
<div
  className="css-155ux7s-SiteContainer"
>
  test
</div>
`;
